// Jest Snapshot v1, https://goo.gl/fbAQLP

exports[`Should render EditExpensePage 1`] = `
<div>
  <div
    className="page-header"
  >
    <div
      className="content-container"
    >
      <h1
        className="page-header__title"
      >
        Edit Expense
      </h1>
    </div>
  </div>
  <div
    className="content-container--narrow"
  >
    <ExpenseForm
      expense={
        Object {
          "amount": 100,
          "category": "food",
          "createdAt": 0,
          "description": "Pineapple",
          "id": "1",
          "note": "",
        }
      }
      onSubmit={[Function]}
    />
    <div
      className="form"
    >
      <div>
        <button
          className="button button--secondary"
          onClick={[Function]}
        >
          Remove Expense
        </button>
      </div>
    </div>
  </div>
</div>
`;
